I'm sorry, but errors were detected in your script. Please correct the
errors listed below, and try again.


File "game/script.rpy", line 589: show statement expects a non-empty block.
    show char7 at left, slightly_higher:
                                        ^

File "game/script.rpy", line 592: show statement expects a non-empty block.
    show char11 at truecenter:
                              ^

File "game/script.rpy", line 595: show statement expects a non-empty block.
    show char10 at right, slightly_higher:
                                          ^

Ren'Py Version: Ren'Py 8.3.7.25031702
Thu Jun 12 23:51:22 2025
